
C:\Users\ankit\OneDrive\Desktop\raccoon_web_fe\src\app\layout.tsx
  20:16  error  Missing return type on function  @typescript-eslint/explicit-function-return-type
  20:16  error  Missing return type on function  @typescript-eslint/explicit-module-boundary-types

C:\Users\ankit\OneDrive\Desktop\raccoon_web_fe\src\app\page.tsx
  1:16  error  Missing return type on function  @typescript-eslint/explicit-function-return-type
  1:16  error  Missing return type on function  @typescript-eslint/explicit-module-boundary-types

C:\Users\ankit\OneDrive\Desktop\raccoon_web_fe\src\hooks\useDashboardState.ts
  8:5  error  Error: Calling setState synchronously within an effect can trigger cascading renders

Effects are intended to synchronize state between React and external systems such as manually updating the DOM, state management libraries, or other platform APIs. In general, the body of an effect should do one or both of the following:
* Update external systems with the latest state from React.
* Subscribe for updates from some external system, calling setState in a callback function when external state changes.

Calling setState synchronously within an effect body causes cascading renders that can hurt performance, and is not recommended. (https://react.dev/learn/you-might-not-need-an-effect).

C:\Users\ankit\OneDrive\Desktop\raccoon_web_fe\src\hooks\useDashboardState.ts:8:5
   6 |   useEffect(() => {
   7 |     // Simulating checking some client-side only state
>  8 |     setIsReady(true);
     |     ^^^^^^^^^^ Avoid calling setState() directly within an effect
   9 |   }, []);
  10 |
  11 |   return { isReady };  react-hooks/set-state-in-effect

C:\Users\ankit\OneDrive\Desktop\raccoon_web_fe\src\lib\utils.ts
  4:8  error  Missing return type on function  @typescript-eslint/explicit-function-return-type
  4:8  error  Missing return type on function  @typescript-eslint/explicit-module-boundary-types

Γ£û 7 problems (7 errors, 0 warnings)

